before
0
11
12
13
1
12
13
14
2
13
14
15
3
14
15
16
4
15
16
17
