appl(prod([cf(sort("Empty-iter-star-sep"))],sort("<START>"),no-attrs),[appl(prod([cf(iter-star-sep(sort("A"),sort("B")))],cf(sort("Empty-iter-star-sep")),attrs([term(cons("Empty-iter-star-sep"))])),[[]])])
