appl(prod([cf(sort("Iter-star"))],sort("<START>"),no-attrs),[appl(prod([cf(iter-star(sort("A")))],cf(sort("Iter-star")),attrs([term(cons("Iter-star"))])),[["a","b","c"]])])
