appl(prod([cf(sort("Iter"))],sort("<START>"),no-attrs),[appl(prod([cf(iter(sort("A")))],cf(sort("Iter")),attrs([term(cons("Iter"))])),[["a","b"]])])
