appl(prod([cf(sort("Iter-sep"))],sort("<START>"),no-attrs),[appl(prod([cf(iter-sep(sort("A"),lit(",")))],cf(sort("Iter-sep")),attrs([term(cons("Iter-sep"))])),[["a",lit(","),"b",lit(","),"c"]])])
