appl(prod([cf(sort("Iter-star-sep"))],sort("<START>"),no-attrs),[appl(prod([cf(iter-star-sep(sort("A"),lit(",")))],cf(sort("Iter-star-sep")),attrs([term(cons("Iter-star-sep"))])),[["a",lit(","),"b",lit(","),"c"]])])
