parsetree ( appl ( prod ( [ cf ( opt ( layout ) ) , cf ( sort ( "Program" ) ) , cf ( opt ( layout ) ) ] , sort ( "<START>" ) , no-attrs ) , [ appl ( prod ( [  ] , cf ( opt ( layout ) ) , no-attrs ) , [  ] ) , appl ( prod ( [ lit ( "program" ) , cf ( opt ( layout ) ) , cf ( iter ( sort ( "Definition" ) ) ) ] , cf ( sort ( "Program" ) ) , no-attrs ) , [ lit ( "program" ) , appl ( prod ( [ cf ( layout ) ] , cf ( opt ( layout ) ) , no-attrs ) , [ 10 , 10 , 32 ] ) , appl ( list ( cf ( iter ( sort ( "Definition" ) ) ) ) , [ appl ( prod ( [ lit ( "definition" ) , cf ( opt ( layout ) ) , cf ( iter ( sort ( "Exp" ) ) ) ] , cf ( sort ( "Definition" ) ) , attrs ( [ term ( offside ) ] ) ) , [ lit ( "definition" ) , appl ( prod ( [ cf ( layout ) ] , cf ( opt ( layout ) ) , no-attrs ) , [ 10 , 32 , 32 ] ) , appl ( list ( cf ( iter ( sort ( "Exp" ) ) ) ) , [ appl ( prod ( [ cf ( sort ( "Id" ) ) ] , cf ( sort ( "Exp" ) ) , no-attrs ) , [ appl ( prod ( [ lex ( sort ( "Id" ) ) ] , cf ( sort ( "Id" ) ) , no-attrs ) , [ appl ( list ( iter-star ( char-class ( [ range ( 0 , 255 ) ] ) ) ) , [ 97 ] ) { [ pos-info , area ( "offside" , 4 , 2 , 4 , 3 ) ] } ] ) { [ pos-info , area ( "offside" , 4 , 2 , 4 , 3 ) ] } ] ) { [ pos-info , area ( "offside" , 4 , 2 , 4 , 3 ) ] } ] ) { [ pos-info , area ( "offside" , 4 , 2 , 4 , 3 ) ] } ] ) { [ pos-info , area ( "offside" , 3 , 1 , 4 , 3 ) ] } , appl ( prod ( [ cf ( layout ) ] , cf ( opt ( layout ) ) , no-attrs ) , [ 10 ] ) , appl ( prod ( [ lit ( "definition" ) , cf ( opt ( layout ) ) , cf ( iter ( sort ( "Exp" ) ) ) ] , cf ( sort ( "Definition" ) ) , attrs ( [ term ( offside ) ] ) ) , [ lit ( "definition" ) , appl ( prod ( [ cf ( layout ) ] , cf ( opt ( layout ) ) , no-attrs ) , [ 10 , 32 , 32 ] ) , appl ( list ( cf ( iter ( sort ( "Exp" ) ) ) ) , [ appl ( prod ( [ cf ( sort ( "Id" ) ) ] , cf ( sort ( "Exp" ) ) , no-attrs ) , [ appl ( prod ( [ lex ( sort ( "Id" ) ) ] , cf ( sort ( "Id" ) ) , no-attrs ) , [ appl ( list ( iter-star ( char-class ( [ range ( 0 , 255 ) ] ) ) ) , [ 98 ] ) { [ pos-info , area ( "offside" , 6 , 2 , 6 , 3 ) ] } ] ) { [ pos-info , area ( "offside" , 6 , 2 , 6 , 3 ) ] } ] ) { [ pos-info , area ( "offside" , 6 , 2 , 6 , 3 ) ] } ] ) { [ pos-info , area ( "offside" , 6 , 2 , 6 , 3 ) ] } ] ) { [ pos-info , area ( "offside" , 5 , 0 , 6 , 3 ) ] } ] ) { [ pos-info , area ( "offside" , 3 , 1 , 6 , 3 ) ] } ] ) { [ pos-info , area ( "offside" , 1 , 0 , 6 , 3 ) ] } , appl ( prod ( [ cf ( layout ) ] , cf ( opt ( layout ) ) , no-attrs ) , [ 10 ] ) ] ) { [ pos-info , area ( "offside" , 1 , 0 , 7 , 0 ) ] } , 0 )
