B has received message from "Main"
A has received message from "toolbus"
Main completed
