CHK(1,10,10)
CHK(2,20,20)
CHK(3,30,30)
CHK(4,40,40)
