A has received message from "toolbus"
B has received message from "Main"
Main completed
