Input([Water("IDENTIFICATION"),Water("DIVISION."),Water("PROGRAM-ID."),Water("nested."),Water("DATA"),Water("DIVISION."),Water("WORKING-STORAGE"),Water("SECTION."),Water("01"),Water("SOME-VAR"),Water("PIC"),Water("9"),Water("VALUE"),Water("1."),Water("01"),Water("SOME-OTHER-VAR"),Water("PIC"),Water("9"),Water("VALUE"),Water("2."),Water("PROCEDURE"),Water("DIVISION."),Water("MAIN."),Island(IfStatement([Water("SOME-VAR"),Water("="),Water("1"),Island(IfStatement([Water("SOME-OTHER-VAR"),Water("="),Water("2"),Water("DISPLAY"),Water("'3'")]))])),Water("."),Water("STOP"),Water("RUN.")])