Input([Water("IDENTIFICATION"),Water("DIVISION."),Water("PROGRAM-ID."),Water("simple."),Water("DATA"),Water("DIVISION."),Water("WORKING-STORAGE"),Water("SECTION."),Water("01"),Water("MAX-VAR"),Water("PIC"),Water("9"),Water("VALUE"),Water("0."),Water("01"),Water("LOOP-VAR"),Water("PIC"),Water("9"),Water("VALUE"),Water("0."),Water("PROCEDURE"),Water("DIVISION."),Water("MAIN."),Water("STOP"),Water("RUN."),Water("DO-WORK."),Water("DO-INITIALIZE."),Water("MOVE"),Water("5"),Water("TO"),Water("MAX-VAR."),Water("DO-LOOP."),Water("PERFORM"),Water("VARYING"),Water("LOOP-VAR"),Water("FROM"),Water("1"),Water("BY"),Water("1"),Water("UNTIL"),Water("LOOP-VAR"),Water(">"),Water("MAX-VAR"),Water("DISPLAY"),Water("LOOP-VAR"),Water("'"),Water("'"),Water("NO"),Water("ADVANCING"),Water("END-PERFORM."),Water("DISPLAY"),Water("''.")])